// Jest Snapshot v1, https://goo.gl/fbAQLP

exports[`React Demo Test 2 DOM Operation 1`] = `
<Fragment>
  <div
    className="demo-jest-test"
  >
    Demo Jest Test
  </div>
</Fragment>
`;
